// Jest Snapshot v1, https://goo.gl/fbAQLP

exports[`NewPostTextField renders and handles events 1`] = `
<Modal
  animationType="slide"
  hardwareAccelerated={false}
  modifiers={
    Object {
      "alignments": Object {},
      "backgroundColor": undefined,
      "borderRadius": undefined,
      "color": undefined,
      "flexStyle": undefined,
      "margins": Object {},
      "paddings": Object {},
      "positionStyle": undefined,
      "typography": undefined,
    }
  }
  visible={true}
>
  <View
    blurType="light"
    style={
      Array [
        undefined,
        undefined,
        undefined,
        undefined,
        Object {},
        Object {},
        Object {},
        Object {
          "flex": 1,
        },
      ]
    }
  >
    <RCTSafeAreaView
      emulateUnlessSupported={true}
      style={
        Array [
          Object {
            "alignItems": "flex-start",
            "flex": 1,
            "justifyContent": "flex-start",
            "padding": 12,
          },
          Object {
            "marginHorizontal": 12,
          },
        ]
      }
    >
      <View
        style={
          Array [
            Object {
              "alignItems": "center",
              "flexDirection": "row",
              "flexWrap": "wrap",
              "height": "100%",
            },
            Object {
              "flex": 1,
            },
          ]
        }
      >
        <View
          style={
            Array [
              Object {
                "width": "100%",
              },
              Object {
                "marginBottom": 25,
              },
              Object {
                "marginTop": 12,
              },
              Object {
                "borderBottomWidth": 1,
                "borderColor": "lightgrey",
                "maxHeight": 200,
                "paddingBottom": 10,
              },
            ]
          }
        >
          <View
            style={
              Array [
                undefined,
                undefined,
                undefined,
                undefined,
                Object {},
                Object {},
                Object {},
                Array [
                  Object {},
                  undefined,
                ],
              ]
            }
          >
            <View
              centerV={true}
              row={true}
              style={
                Array [
                  undefined,
                  undefined,
                  undefined,
                  undefined,
                  Object {},
                  Object {},
                  Object {
                    "alignItems": "center",
                    "flexDirection": "row",
                  },
                  Array [
                    Object {},
                    Array [
                      undefined,
                      undefined,
                    ],
                  ],
                ]
              }
            >
              <View
                row={true}
                style={
                  Array [
                    undefined,
                    undefined,
                    Object {
                      "flex": 1,
                    },
                    undefined,
                    Object {},
                    Object {},
                    Object {
                      "flexDirection": "row",
                    },
                    undefined,
                  ]
                }
              >
                <TextInput
                  accessibilityState={
                    Object {
                      "disabled": false,
                    }
                  }
                  allowFontScaling={true}
                  maxLength={300}
                  multiline={true}
                  onBlur={[Function]}
                  onChangeText={[Function]}
                  onFocus={[Function]}
                  placeholder="Enter content"
                  placeholderTextColor="#6E7881"
                  rejectResponderTermination={true}
                  style={
                    Array [
                      Object {
                        "flexGrow": 1,
                        "paddingBottom": 0,
                        "paddingTop": 0,
                        "textAlign": "left",
                      },
                      Object {
                        "color": "#20303C",
                      },
                      Array [
                        Object {},
                        undefined,
                        undefined,
                      ],
                    ]
                  }
                  underlineColorAndroid="transparent"
                  value="lorem"
                />
              </View>
            </View>
            <View
              row={true}
              spread={true}
              style={
                Array [
                  undefined,
                  undefined,
                  undefined,
                  undefined,
                  Object {},
                  Object {},
                  Object {
                    "flexDirection": "row",
                    "justifyContent": "space-between",
                  },
                  undefined,
                ]
              }
            >
              <Text
                grey30={true}
                style={
                  Array [
                    Object {
                      "backgroundColor": "transparent",
                      "textAlign": "left",
                    },
                    undefined,
                    Object {
                      "color": "#6E7881",
                    },
                    undefined,
                    undefined,
                    Object {},
                    undefined,
                    undefined,
                    undefined,
                    Array [
                      Object {
                        "flex": 1,
                        "textAlign": "right",
                      },
                      undefined,
                    ],
                  ]
                }
                testID="undefined.charCounter"
              >
                5/300
              </Text>
            </View>
          </View>
        </View>
      </View>
      <View
        style={
          Array [
            Object {
              "height": 65,
              "marginBottom": 80,
              "width": "100%",
            },
          ]
        }
      >
        <RCTScrollView
          horizontal={true}
          style={
            Object {
              "paddingBottom": 5,
            }
          }
        >
          <View>
            <View
              style={
                Array [
                  Object {
                    "borderColor": "rgb(183, 173, 255)",
                    "borderRadius": 5,
                    "borderStyle": "dashed",
                    "borderWidth": 2,
                    "height": "100%",
                    "padding": 5,
                    "width": 65,
                  },
                ]
              }
            >
              <View
                accessible={true}
                focusable={true}
                onClick={[Function]}
                onResponderGrant={[Function]}
                onResponderMove={[Function]}
                onResponderRelease={[Function]}
                onResponderTerminate={[Function]}
                onResponderTerminationRequest={[Function]}
                onStartShouldSetResponder={[Function]}
                style={
                  Object {
                    "marginHorizontal": 5,
                    "opacity": 1,
                  }
                }
              >
                <Image
                  accessibilityRole="image"
                  accessible={false}
                  assetGroup="icons"
                  onError={[Function]}
                  source={1}
                  style={
                    Array [
                      undefined,
                      undefined,
                      undefined,
                      undefined,
                      undefined,
                      Object {},
                      Array [
                        Object {
                          "height": "100%",
                          "resizeMode": "contain",
                          "width": "100%",
                        },
                      ],
                      false,
                    ]
                  }
                />
              </View>
            </View>
          </View>
        </RCTScrollView>
      </View>
      <View
        animated={true}
        pointerEvents="box-none"
        style={
          Object {
            "alignItems": "center",
            "bottom": 0,
            "left": 0,
            "opacity": 1,
            "position": "absolute",
            "right": 0,
            "top": undefined,
            "transform": Array [
              Object {
                "translateY": 0,
              },
            ],
            "zIndex": undefined,
          }
        }
      >
        <View
          pointerEvents="none"
          style={
            Array [
              undefined,
              undefined,
              undefined,
              undefined,
              Object {},
              Object {},
              Object {},
              Object {
                "bottom": 0,
                "height": "100%",
                "left": 0,
                "position": "absolute",
                "right": 0,
                "top": 0,
                "width": "100%",
              },
            ]
          }
        >
          <Image
            accessibilityRole="image"
            accessible={false}
            assetGroup="icons"
            onError={[Function]}
            resizeMode="stretch"
            source={1}
            style={
              Array [
                undefined,
                undefined,
                undefined,
                undefined,
                undefined,
                Object {},
                Object {
                  "bottom": 0,
                  "height": "100%",
                  "left": 0,
                  "position": "absolute",
                  "right": 0,
                  "top": 0,
                  "width": "100%",
                },
                false,
              ]
            }
          />
        </View>
        <View
          accessibilityRole="button"
          accessible={true}
          focusable={true}
          onClick={[Function]}
          onLayout={[Function]}
          onResponderGrant={[Function]}
          onResponderMove={[Function]}
          onResponderRelease={[Function]}
          onResponderTerminate={[Function]}
          onResponderTerminationRequest={[Function]}
          onStartShouldSetResponder={[Function]}
          style={
            Object {
              "alignItems": "center",
              "backgroundColor": "#5A48F5",
              "borderRadius": 999,
              "elevation": 2,
              "flexDirection": "row",
              "justifyContent": "center",
              "marginBottom": 16,
              "marginTop": 16,
              "minWidth": 90,
              "opacity": 1,
              "paddingHorizontal": 20,
              "paddingVertical": 9.5,
              "shadowColor": "#A6ACB1",
              "shadowOffset": Object {
                "height": 5,
                "width": 0,
              },
              "shadowOpacity": 0.35,
              "shadowRadius": 12,
            }
          }
          testID="undefined.button"
        >
          <Image
            accessibilityRole="image"
            accessible={false}
            assetGroup="icons"
            onError={[Function]}
            source={1}
            style={
              Array [
                undefined,
                undefined,
                undefined,
                undefined,
                undefined,
                Object {},
                Array [
                  Object {
                    "marginRight": 8,
                    "tintColor": "#FFFFFF",
                  },
                  undefined,
                ],
                false,
              ]
            }
            testID="undefined.button.icon"
          />
          <Text
            numberOfLines={1}
            style={
              Array [
                Object {
                  "backgroundColor": "transparent",
                  "textAlign": "left",
                },
                undefined,
                undefined,
                undefined,
                undefined,
                Object {},
                undefined,
                undefined,
                undefined,
                Array [
                  Object {
                    "backgroundColor": "transparent",
                    "flex": 0,
                    "flexDirection": "row",
                    "fontFamily": "System",
                    "fontSize": 16,
                    "fontWeight": "400",
                    "lineHeight": 24,
                  },
                  Object {
                    "color": "#FFFFFF",
                  },
                  Object {},
                  Object {},
                  undefined,
                ],
              ]
            }
            testID="undefined.button.label"
          >
            Snap
          </Text>
        </View>
        <View
          accessibilityRole="button"
          accessible={true}
          focusable={true}
          onClick={[Function]}
          onLayout={[Function]}
          onResponderGrant={[Function]}
          onResponderMove={[Function]}
          onResponderRelease={[Function]}
          onResponderTerminate={[Function]}
          onResponderTerminationRequest={[Function]}
          onStartShouldSetResponder={[Function]}
          style={
            Object {
              "alignItems": "center",
              "backgroundColor": "transparent",
              "borderRadius": 0,
              "flexDirection": "row",
              "justifyContent": "center",
              "marginBottom": 28,
              "minWidth": undefined,
              "opacity": 1,
              "paddingHorizontal": undefined,
              "paddingVertical": undefined,
            }
          }
          testID="undefined.secondaryButton"
        >
          <Text
            numberOfLines={1}
            style={
              Array [
                Object {
                  "backgroundColor": "transparent",
                  "textAlign": "left",
                },
                undefined,
                undefined,
                undefined,
                undefined,
                Object {},
                undefined,
                undefined,
                undefined,
                Array [
                  Object {
                    "backgroundColor": "transparent",
                    "flex": 0,
                    "flexDirection": "row",
                    "fontFamily": "System",
                    "fontSize": 16,
                    "fontWeight": "400",
                    "lineHeight": 24,
                  },
                  Object {
                    "color": "#FD7267",
                  },
                  Object {},
                  Object {},
                  undefined,
                ],
              ]
            }
            testID="undefined.secondaryButton.label"
          >
            Close
          </Text>
        </View>
      </View>
    </RCTSafeAreaView>
  </View>
</Modal>
`;
